Archive member included because of file (symbol)

c:/winavr-20100110/bin/../lib/gcc/avr/4.3.3/avr5\libgcc.a(_udivmodhi4.o)
                              ./FREE_RTOS/Source/queue.o (__udivmodhi4)
c:/winavr-20100110/bin/../lib/gcc/avr/4.3.3/avr5\libgcc.a(_divmodsi4.o)
                              ./HAL/LCD/LCD_HAL_program.o (__divmodsi4)
c:/winavr-20100110/bin/../lib/gcc/avr/4.3.3/avr5\libgcc.a(_exit.o)
                              c:/winavr-20100110/bin/../lib/gcc/avr/4.3.3/../../../../avr/lib/avr5/crtm32.o (exit)
c:/winavr-20100110/bin/../lib/gcc/avr/4.3.3/avr5\libgcc.a(_copy_data.o)
                              ./FREE_RTOS/Source/heap_4.o (__do_copy_data)
c:/winavr-20100110/bin/../lib/gcc/avr/4.3.3/avr5\libgcc.a(_clear_bss.o)
                              ./HAL/LCD/LCD_HAL_program.o (__do_clear_bss)
c:/winavr-20100110/bin/../lib/gcc/avr/4.3.3/avr5\libgcc.a(_fixunssfsi.o)
                              ./HAL/LCD/LCD_HAL_program.o (__fixunssfsi)
c:/winavr-20100110/bin/../lib/gcc/avr/4.3.3/avr5\libgcc.a(_addsub_sf.o)
                              c:/winavr-20100110/bin/../lib/gcc/avr/4.3.3/avr5\libgcc.a(_fixunssfsi.o) (__subsf3)
c:/winavr-20100110/bin/../lib/gcc/avr/4.3.3/avr5\libgcc.a(_mul_sf.o)
                              ./HAL/LCD/LCD_HAL_program.o (__mulsf3)
c:/winavr-20100110/bin/../lib/gcc/avr/4.3.3/avr5\libgcc.a(_gt_sf.o)
                              ./HAL/LCD/LCD_HAL_program.o (__gtsf2)
c:/winavr-20100110/bin/../lib/gcc/avr/4.3.3/avr5\libgcc.a(_ge_sf.o)
                              c:/winavr-20100110/bin/../lib/gcc/avr/4.3.3/avr5\libgcc.a(_fixunssfsi.o) (__gesf2)
c:/winavr-20100110/bin/../lib/gcc/avr/4.3.3/avr5\libgcc.a(_lt_sf.o)
                              ./HAL/LCD/LCD_HAL_program.o (__ltsf2)
c:/winavr-20100110/bin/../lib/gcc/avr/4.3.3/avr5\libgcc.a(_sf_to_si.o)
                              c:/winavr-20100110/bin/../lib/gcc/avr/4.3.3/avr5\libgcc.a(_fixunssfsi.o) (__fixsfsi)
c:/winavr-20100110/bin/../lib/gcc/avr/4.3.3/avr5\libgcc.a(_thenan_sf.o)
                              c:/winavr-20100110/bin/../lib/gcc/avr/4.3.3/avr5\libgcc.a(_addsub_sf.o) (__thenan_sf)
c:/winavr-20100110/bin/../lib/gcc/avr/4.3.3/avr5\libgcc.a(_udivmodsi4.o)
                              c:/winavr-20100110/bin/../lib/gcc/avr/4.3.3/avr5\libgcc.a(_divmodsi4.o) (__udivmodsi4)
c:/winavr-20100110/bin/../lib/gcc/avr/4.3.3/avr5\libgcc.a(_prologue.o)
                              c:/winavr-20100110/bin/../lib/gcc/avr/4.3.3/avr5\libgcc.a(_addsub_sf.o) (__prologue_saves__)
c:/winavr-20100110/bin/../lib/gcc/avr/4.3.3/avr5\libgcc.a(_epilogue.o)
                              c:/winavr-20100110/bin/../lib/gcc/avr/4.3.3/avr5\libgcc.a(_addsub_sf.o) (__epilogue_restores__)
c:/winavr-20100110/bin/../lib/gcc/avr/4.3.3/avr5\libgcc.a(_pack_sf.o)
                              c:/winavr-20100110/bin/../lib/gcc/avr/4.3.3/avr5\libgcc.a(_addsub_sf.o) (__pack_f)
c:/winavr-20100110/bin/../lib/gcc/avr/4.3.3/avr5\libgcc.a(_unpack_sf.o)
                              c:/winavr-20100110/bin/../lib/gcc/avr/4.3.3/avr5\libgcc.a(_addsub_sf.o) (__unpack_f)
c:/winavr-20100110/bin/../lib/gcc/avr/4.3.3/avr5\libgcc.a(_fpcmp_parts_sf.o)
                              c:/winavr-20100110/bin/../lib/gcc/avr/4.3.3/avr5\libgcc.a(_gt_sf.o) (__fpcmp_parts_f)
c:/winavr-20100110/bin/../lib/gcc/avr/4.3.3/../../../../avr/lib/avr5\libc.a(memcpy.o)
                              ./FREE_RTOS/Source/queue.o (memcpy)
c:/winavr-20100110/bin/../lib/gcc/avr/4.3.3/../../../../avr/lib/avr5\libc.a(memset.o)
                              ./FREE_RTOS/Source/stream_buffer.o (memset)

Allocating common symbols
Common symbol       size              file

LCD_Key             0x2               ./main.o

Memory Configuration

Name             Origin             Length             Attributes
text             0x00000000         0x00020000         xr
data             0x00800060         0x0000ffa0         rw !x
eeprom           0x00810000         0x00010000         rw !x
fuse             0x00820000         0x00000400         rw !x
lock             0x00830000         0x00000400         rw !x
signature        0x00840000         0x00000400         rw !x
*default*        0x00000000         0xffffffff

Linker script and memory map

LOAD c:/winavr-20100110/bin/../lib/gcc/avr/4.3.3/../../../../avr/lib/avr5/crtm32.o
LOAD ./MCAL/DIO/DIO_program.o
LOAD ./HAL/LED/LED_Program.o
LOAD ./HAL/LCD/LCD_HAL_program.o
LOAD ./HAL/BTN/BTN_program.o
LOAD ./FREE_RTOS/Source/croutine.o
LOAD ./FREE_RTOS/Source/event_groups.o
LOAD ./FREE_RTOS/Source/heap_4.o
LOAD ./FREE_RTOS/Source/list.o
LOAD ./FREE_RTOS/Source/port.o
LOAD ./FREE_RTOS/Source/queue.o
LOAD ./FREE_RTOS/Source/stream_buffer.o
LOAD ./FREE_RTOS/Source/tasks.o
LOAD ./FREE_RTOS/Source/timers.o
LOAD ./main.o
LOAD c:/winavr-20100110/bin/../lib/gcc/avr/4.3.3/avr5\libgcc.a
LOAD c:/winavr-20100110/bin/../lib/gcc/avr/4.3.3/../../../../avr/lib/avr5\libc.a
LOAD c:/winavr-20100110/bin/../lib/gcc/avr/4.3.3/avr5\libgcc.a

.hash
 *(.hash)

.dynsym
 *(.dynsym)

.dynstr
 *(.dynstr)

.gnu.version
 *(.gnu.version)

.gnu.version_d
 *(.gnu.version_d)

.gnu.version_r
 *(.gnu.version_r)

.rel.init
 *(.rel.init)

.rela.init
 *(.rela.init)

.rel.text
 *(.rel.text)
 *(.rel.text.*)
 *(.rel.gnu.linkonce.t*)

.rela.text
 *(.rela.text)
 *(.rela.text.*)
 *(.rela.gnu.linkonce.t*)

.rel.fini
 *(.rel.fini)

.rela.fini
 *(.rela.fini)

.rel.rodata
 *(.rel.rodata)
 *(.rel.rodata.*)
 *(.rel.gnu.linkonce.r*)

.rela.rodata
 *(.rela.rodata)
 *(.rela.rodata.*)
 *(.rela.gnu.linkonce.r*)

.rel.data
 *(.rel.data)
 *(.rel.data.*)
 *(.rel.gnu.linkonce.d*)

.rela.data
 *(.rela.data)
 *(.rela.data.*)
 *(.rela.gnu.linkonce.d*)

.rel.ctors
 *(.rel.ctors)

.rela.ctors
 *(.rela.ctors)

.rel.dtors
 *(.rel.dtors)

.rela.dtors
 *(.rela.dtors)

.rel.got
 *(.rel.got)

.rela.got
 *(.rela.got)

.rel.bss
 *(.rel.bss)

.rela.bss
 *(.rela.bss)

.rel.plt
 *(.rel.plt)

.rela.plt
 *(.rela.plt)

.text           0x00000000     0x802a
 *(.vectors)
 .vectors       0x00000000       0x54 c:/winavr-20100110/bin/../lib/gcc/avr/4.3.3/../../../../avr/lib/avr5/crtm32.o
                0x00000000                __vectors
                0x00000000                __vector_default
 *(.vectors)
 *(.progmem.gcc*)
 *(.progmem*)
                0x00000054                . = ALIGN (0x2)
                0x00000054                __trampolines_start = .
 *(.trampolines)
 .trampolines   0x00000054        0x0 linker stubs
 *(.trampolines*)
                0x00000054                __trampolines_end = .
 *(.jumptables)
 *(.jumptables*)
 *(.lowtext)
 *(.lowtext*)
                0x00000054                __ctors_start = .
 *(.ctors)
                0x00000054                __ctors_end = .
                0x00000054                __dtors_start = .
 *(.dtors)
                0x00000054                __dtors_end = .
 SORT(*)(.ctors)
 SORT(*)(.dtors)
 *(.init0)
 .init0         0x00000054        0x0 c:/winavr-20100110/bin/../lib/gcc/avr/4.3.3/../../../../avr/lib/avr5/crtm32.o
                0x00000054                __init
 *(.init0)
 *(.init1)
 *(.init1)
 *(.init2)
 .init2         0x00000054        0xc c:/winavr-20100110/bin/../lib/gcc/avr/4.3.3/../../../../avr/lib/avr5/crtm32.o
 *(.init2)
 *(.init3)
 *(.init3)
 *(.init4)
 .init4         0x00000060       0x16 c:/winavr-20100110/bin/../lib/gcc/avr/4.3.3/avr5\libgcc.a(_copy_data.o)
                0x00000060                __do_copy_data
 .init4         0x00000076       0x10 c:/winavr-20100110/bin/../lib/gcc/avr/4.3.3/avr5\libgcc.a(_clear_bss.o)
                0x00000076                __do_clear_bss
 *(.init4)
 *(.init5)
 *(.init5)
 *(.init6)
 *(.init6)
 *(.init7)
 *(.init7)
 *(.init8)
 *(.init8)
 *(.init9)
 .init9         0x00000086        0x8 c:/winavr-20100110/bin/../lib/gcc/avr/4.3.3/../../../../avr/lib/avr5/crtm32.o
 *(.init9)
 *(.text)
 .text          0x0000008e        0x4 c:/winavr-20100110/bin/../lib/gcc/avr/4.3.3/../../../../avr/lib/avr5/crtm32.o
                0x0000008e                __vector_1
                0x0000008e                __vector_12
                0x0000008e                __bad_interrupt
                0x0000008e                __vector_6
                0x0000008e                __vector_3
                0x0000008e                __vector_11
                0x0000008e                __vector_13
                0x0000008e                __vector_17
                0x0000008e                __vector_19
                0x0000008e                __vector_5
                0x0000008e                __vector_4
                0x0000008e                __vector_9
                0x0000008e                __vector_2
                0x0000008e                __vector_15
                0x0000008e                __vector_8
                0x0000008e                __vector_14
                0x0000008e                __vector_10
                0x0000008e                __vector_16
                0x0000008e                __vector_18
                0x0000008e                __vector_20
 .text          0x00000092        0x0 ./MCAL/DIO/DIO_program.o
 .text          0x00000092        0x0 ./HAL/LED/LED_Program.o
 .text          0x00000092        0x0 ./HAL/LCD/LCD_HAL_program.o
 .text          0x00000092        0x0 ./HAL/BTN/BTN_program.o
 .text          0x00000092        0x0 ./FREE_RTOS/Source/croutine.o
 .text          0x00000092        0x0 ./FREE_RTOS/Source/event_groups.o
 .text          0x00000092        0x0 ./FREE_RTOS/Source/heap_4.o
 .text          0x00000092        0x0 ./FREE_RTOS/Source/list.o
 .text          0x00000092        0x0 ./FREE_RTOS/Source/port.o
 .text          0x00000092        0x0 ./FREE_RTOS/Source/queue.o
 .text          0x00000092        0x0 ./FREE_RTOS/Source/stream_buffer.o
 .text          0x00000092        0x0 ./FREE_RTOS/Source/tasks.o
 .text          0x00000092        0x0 ./FREE_RTOS/Source/timers.o
 .text          0x00000092        0x0 ./main.o
 .text          0x00000092        0x0 c:/winavr-20100110/bin/../lib/gcc/avr/4.3.3/avr5\libgcc.a(_udivmodhi4.o)
 .text          0x00000092        0x0 c:/winavr-20100110/bin/../lib/gcc/avr/4.3.3/avr5\libgcc.a(_divmodsi4.o)
 .text          0x00000092        0x0 c:/winavr-20100110/bin/../lib/gcc/avr/4.3.3/avr5\libgcc.a(_exit.o)
 .text          0x00000092        0x0 c:/winavr-20100110/bin/../lib/gcc/avr/4.3.3/avr5\libgcc.a(_copy_data.o)
 .text          0x00000092        0x0 c:/winavr-20100110/bin/../lib/gcc/avr/4.3.3/avr5\libgcc.a(_clear_bss.o)
 .text          0x00000092       0x58 c:/winavr-20100110/bin/../lib/gcc/avr/4.3.3/avr5\libgcc.a(_fixunssfsi.o)
                0x00000092                __fixunssfsi
 .text          0x000000ea      0x354 c:/winavr-20100110/bin/../lib/gcc/avr/4.3.3/avr5\libgcc.a(_addsub_sf.o)
                0x00000382                __subsf3
                0x000003e4                __addsf3
 .text          0x0000043e      0x1f4 c:/winavr-20100110/bin/../lib/gcc/avr/4.3.3/avr5\libgcc.a(_mul_sf.o)
                0x0000043e                __mulsf3
 .text          0x00000632       0x60 c:/winavr-20100110/bin/../lib/gcc/avr/4.3.3/avr5\libgcc.a(_gt_sf.o)
                0x00000632                __gtsf2
 .text          0x00000692       0x60 c:/winavr-20100110/bin/../lib/gcc/avr/4.3.3/avr5\libgcc.a(_ge_sf.o)
                0x00000692                __gesf2
 .text          0x000006f2       0x60 c:/winavr-20100110/bin/../lib/gcc/avr/4.3.3/avr5\libgcc.a(_lt_sf.o)
                0x000006f2                __ltsf2
 .text          0x00000752       0xa8 c:/winavr-20100110/bin/../lib/gcc/avr/4.3.3/avr5\libgcc.a(_sf_to_si.o)
                0x00000752                __fixsfsi
 .text          0x000007fa        0x0 c:/winavr-20100110/bin/../lib/gcc/avr/4.3.3/avr5\libgcc.a(_thenan_sf.o)
 .text          0x000007fa        0x0 c:/winavr-20100110/bin/../lib/gcc/avr/4.3.3/avr5\libgcc.a(_udivmodsi4.o)
 .text          0x000007fa        0x0 c:/winavr-20100110/bin/../lib/gcc/avr/4.3.3/avr5\libgcc.a(_prologue.o)
 .text          0x000007fa        0x0 c:/winavr-20100110/bin/../lib/gcc/avr/4.3.3/avr5\libgcc.a(_epilogue.o)
 .text          0x000007fa      0x1aa c:/winavr-20100110/bin/../lib/gcc/avr/4.3.3/avr5\libgcc.a(_pack_sf.o)
                0x000007fa                __pack_f
 .text          0x000009a4       0xf0 c:/winavr-20100110/bin/../lib/gcc/avr/4.3.3/avr5\libgcc.a(_unpack_sf.o)
                0x000009a4                __unpack_f
 .text          0x00000a94       0xb2 c:/winavr-20100110/bin/../lib/gcc/avr/4.3.3/avr5\libgcc.a(_fpcmp_parts_sf.o)
                0x00000a94                __fpcmp_parts_f
 .text          0x00000b46        0x0 c:/winavr-20100110/bin/../lib/gcc/avr/4.3.3/../../../../avr/lib/avr5\libc.a(memcpy.o)
 .text          0x00000b46        0x0 c:/winavr-20100110/bin/../lib/gcc/avr/4.3.3/../../../../avr/lib/avr5\libc.a(memset.o)
                0x00000b46                . = ALIGN (0x2)
 *(.text.*)
 .text.DIO_enuInit
                0x00000b46       0x56 ./MCAL/DIO/DIO_program.o
                0x00000b46                DIO_enuInit
 .text.DIO_enuSetPinDirection
                0x00000b9c      0x1f8 ./MCAL/DIO/DIO_program.o
                0x00000b9c                DIO_enuSetPinDirection
 .text.DIO_enuSetPinValue
                0x00000d94      0x1f8 ./MCAL/DIO/DIO_program.o
                0x00000d94                DIO_enuSetPinValue
 .text.DIO_enuGetPinValue
                0x00000f8c      0x142 ./MCAL/DIO/DIO_program.o
                0x00000f8c                DIO_enuGetPinValue
 .text.DIO_enuTogglePinValue
                0x000010ce      0x122 ./MCAL/DIO/DIO_program.o
                0x000010ce                DIO_enuTogglePinValue
 .text.DIO_enuSetPortDirection
                0x000011f0       0xe2 ./MCAL/DIO/DIO_program.o
                0x000011f0                DIO_enuSetPortDirection
 .text.DIO_enuSetPortValue
                0x000012d2       0xe2 ./MCAL/DIO/DIO_program.o
                0x000012d2                DIO_enuSetPortValue
 .text.LCD_enuInit
                0x000013b4      0x440 ./HAL/LCD/LCD_HAL_program.o
                0x000013b4                LCD_enuInit
 .text.WriteNLatch
                0x000017f4      0x2cc ./HAL/LCD/LCD_HAL_program.o
 .text.LCD_enuSendData
                0x00001ac0       0x34 ./HAL/LCD/LCD_HAL_program.o
                0x00001ac0                LCD_enuSendData
 .text.LCD_enuSendCommand
                0x00001af4       0x38 ./HAL/LCD/LCD_HAL_program.o
                0x00001af4                LCD_enuSendCommand
 .text.LCD_u8SendString
                0x00001b2c       0x74 ./HAL/LCD/LCD_HAL_program.o
                0x00001b2c                LCD_u8SendString
 .text.LCD_enuIntegerToString
                0x00001ba0      0x1ae ./HAL/LCD/LCD_HAL_program.o
                0x00001ba0                LCD_enuIntegerToString
 .text.LCD_u8SetPosXY
                0x00001d4e       0x86 ./HAL/LCD/LCD_HAL_program.o
                0x00001d4e                LCD_u8SetPosXY
 .text.LCD_u8StoreCustomChar
                0x00001dd4       0x98 ./HAL/LCD/LCD_HAL_program.o
                0x00001dd4                LCD_u8StoreCustomChar
 .text.LCD_u8DisplayCustomChar
                0x00001e6c       0x36 ./HAL/LCD/LCD_HAL_program.o
                0x00001e6c                LCD_u8DisplayCustomChar
 .text.BTN_u8Read
                0x00001ea2       0x30 ./HAL/BTN/BTN_program.o
                0x00001ea2                BTN_u8Read
 .text.xEventGroupCreate
                0x00001ed2       0x3e ./FREE_RTOS/Source/event_groups.o
                0x00001ed2                xEventGroupCreate
 .text.xEventGroupSync
                0x00001f10      0x172 ./FREE_RTOS/Source/event_groups.o
                0x00001f10                xEventGroupSync
 .text.xEventGroupWaitBits
                0x00002082      0x18c ./FREE_RTOS/Source/event_groups.o
                0x00002082                xEventGroupWaitBits
 .text.xEventGroupClearBits
                0x0000220e       0x6c ./FREE_RTOS/Source/event_groups.o
                0x0000220e                xEventGroupClearBits
 .text.xEventGroupGetBitsFromISR
                0x0000227a       0x44 ./FREE_RTOS/Source/event_groups.o
                0x0000227a                xEventGroupGetBitsFromISR
 .text.xEventGroupSetBits
                0x000022be      0x164 ./FREE_RTOS/Source/event_groups.o
                0x000022be                xEventGroupSetBits
 .text.vEventGroupDelete
                0x00002422       0x62 ./FREE_RTOS/Source/event_groups.o
                0x00002422                vEventGroupDelete
 .text.vEventGroupSetBitsCallback
                0x00002484       0x3a ./FREE_RTOS/Source/event_groups.o
                0x00002484                vEventGroupSetBitsCallback
 .text.vEventGroupClearBitsCallback
                0x000024be       0x3a ./FREE_RTOS/Source/event_groups.o
                0x000024be                vEventGroupClearBitsCallback
 .text.prvTestWaitCondition
                0x000024f8       0x64 ./FREE_RTOS/Source/event_groups.o
 .text.pvPortMalloc
                0x0000255c      0x1ea ./FREE_RTOS/Source/heap_4.o
                0x0000255c                pvPortMalloc
 .text.vPortFree
                0x00002746       0xca ./FREE_RTOS/Source/heap_4.o
                0x00002746                vPortFree
 .text.xPortGetFreeHeapSize
                0x00002810       0x16 ./FREE_RTOS/Source/heap_4.o
                0x00002810                xPortGetFreeHeapSize
 .text.xPortGetMinimumEverFreeHeapSize
                0x00002826       0x16 ./FREE_RTOS/Source/heap_4.o
                0x00002826                xPortGetMinimumEverFreeHeapSize
 .text.vPortInitialiseBlocks
                0x0000283c        0xe ./FREE_RTOS/Source/heap_4.o
                0x0000283c                vPortInitialiseBlocks
 .text.prvHeapInit
                0x0000284a      0x12a ./FREE_RTOS/Source/heap_4.o
 .text.prvInsertBlockIntoFreeList
                0x00002974      0x144 ./FREE_RTOS/Source/heap_4.o
 .text.vListInitialise
                0x00002ab8       0x54 ./FREE_RTOS/Source/list.o
                0x00002ab8                vListInitialise
 .text.vListInitialiseItem
                0x00002b0c       0x20 ./FREE_RTOS/Source/list.o
                0x00002b0c                vListInitialiseItem
 .text.vListInsertEnd
                0x00002b2c       0x88 ./FREE_RTOS/Source/list.o
                0x00002b2c                vListInsertEnd
 .text.vListInsert
                0x00002bb4       0xd8 ./FREE_RTOS/Source/list.o
                0x00002bb4                vListInsert
 .text.uxListRemove
                0x00002c8c       0x98 ./FREE_RTOS/Source/list.o
                0x00002c8c                uxListRemove
 .text.pxPortInitialiseStack
                0x00002d24      0x306 ./FREE_RTOS/Source/port.o
                0x00002d24                pxPortInitialiseStack
 .text.xPortStartScheduler
                0x0000302a       0x6a ./FREE_RTOS/Source/port.o
                0x0000302a                xPortStartScheduler
 .text.vPortEndScheduler
                0x00003094        0xe ./FREE_RTOS/Source/port.o
                0x00003094                vPortEndScheduler
 .text.vPortYield
                0x000030a2       0xb2 ./FREE_RTOS/Source/port.o
                0x000030a2                vPortYield
 .text.vPortYieldFromTick
                0x00003154       0xba ./FREE_RTOS/Source/port.o
                0x00003154                vPortYieldFromTick
 .text.prvSetupTimerInterrupt
                0x0000320e       0xb8 ./FREE_RTOS/Source/port.o
 .text.__vector_7
                0x000032c6        0x6 ./FREE_RTOS/Source/port.o
                0x000032c6                __vector_7
 .text.xQueueGenericReset
                0x000032cc      0x156 ./FREE_RTOS/Source/queue.o
                0x000032cc                xQueueGenericReset
 .text.xQueueGenericCreate
                0x00003422       0xe8 ./FREE_RTOS/Source/queue.o
                0x00003422                xQueueGenericCreate
 .text.prvInitialiseNewQueue
                0x0000350a       0x76 ./FREE_RTOS/Source/queue.o
 .text.xQueueGenericSend
                0x00003580      0x158 ./FREE_RTOS/Source/queue.o
                0x00003580                xQueueGenericSend
 .text.xQueueGenericSendFromISR
                0x000036d8       0xc6 ./FREE_RTOS/Source/queue.o
                0x000036d8                xQueueGenericSendFromISR
 .text.xQueueGiveFromISR
                0x0000379e       0xb0 ./FREE_RTOS/Source/queue.o
                0x0000379e                xQueueGiveFromISR
 .text.xQueueReceive
                0x0000384e      0x156 ./FREE_RTOS/Source/queue.o
                0x0000384e                xQueueReceive
 .text.xQueueSemaphoreTake
                0x000039a4      0x144 ./FREE_RTOS/Source/queue.o
                0x000039a4                xQueueSemaphoreTake
 .text.xQueuePeek
                0x00003ae8      0x164 ./FREE_RTOS/Source/queue.o
                0x00003ae8                xQueuePeek
 .text.xQueueReceiveFromISR
                0x00003c4c       0xbc ./FREE_RTOS/Source/queue.o
                0x00003c4c                xQueueReceiveFromISR
 .text.xQueuePeekFromISR
                0x00003d08       0x72 ./FREE_RTOS/Source/queue.o
                0x00003d08                xQueuePeekFromISR
 .text.uxQueueMessagesWaiting
                0x00003d7a       0x30 ./FREE_RTOS/Source/queue.o
                0x00003d7a                uxQueueMessagesWaiting
 .text.uxQueueSpacesAvailable
                0x00003daa       0x4a ./FREE_RTOS/Source/queue.o
                0x00003daa                uxQueueSpacesAvailable
 .text.uxQueueMessagesWaitingFromISR
                0x00003df4       0x34 ./FREE_RTOS/Source/queue.o
                0x00003df4                uxQueueMessagesWaitingFromISR
 .text.vQueueDelete
                0x00003e28       0x2e ./FREE_RTOS/Source/queue.o
                0x00003e28                vQueueDelete
 .text.prvCopyDataToQueue
                0x00003e56      0x14c ./FREE_RTOS/Source/queue.o
 .text.prvCopyDataFromQueue
                0x00003fa2       0x8e ./FREE_RTOS/Source/queue.o
 .text.prvUnlockQueue
                0x00004030       0xa6 ./FREE_RTOS/Source/queue.o
 .text.prvIsQueueEmpty
                0x000040d6       0x3a ./FREE_RTOS/Source/queue.o
 .text.xQueueIsQueueEmptyFromISR
                0x00004110       0x3e ./FREE_RTOS/Source/queue.o
                0x00004110                xQueueIsQueueEmptyFromISR
 .text.prvIsQueueFull
                0x0000414e       0x40 ./FREE_RTOS/Source/queue.o
 .text.xQueueIsQueueFullFromISR
                0x0000418e       0x44 ./FREE_RTOS/Source/queue.o
                0x0000418e                xQueueIsQueueFullFromISR
 .text.xStreamBufferGenericCreate
                0x000041d2       0xd8 ./FREE_RTOS/Source/stream_buffer.o
                0x000041d2                xStreamBufferGenericCreate
 .text.vStreamBufferDelete
                0x000042aa       0x52 ./FREE_RTOS/Source/stream_buffer.o
                0x000042aa                vStreamBufferDelete
 .text.xStreamBufferReset
                0x000042fc       0xb4 ./FREE_RTOS/Source/stream_buffer.o
                0x000042fc                xStreamBufferReset
 .text.xStreamBufferSetTriggerLevel
                0x000043b0       0x6e ./FREE_RTOS/Source/stream_buffer.o
                0x000043b0                xStreamBufferSetTriggerLevel
 .text.xStreamBufferSpacesAvailable
                0x0000441e       0xb0 ./FREE_RTOS/Source/stream_buffer.o
                0x0000441e                xStreamBufferSpacesAvailable
 .text.xStreamBufferBytesAvailable
                0x000044ce       0x3c ./FREE_RTOS/Source/stream_buffer.o
                0x000044ce                xStreamBufferBytesAvailable
 .text.xStreamBufferSend
                0x0000450a      0x1dc ./FREE_RTOS/Source/stream_buffer.o
                0x0000450a                xStreamBufferSend
 .text.xStreamBufferSendFromISR
                0x000046e6      0x104 ./FREE_RTOS/Source/stream_buffer.o
                0x000046e6                xStreamBufferSendFromISR
 .text.prvWriteMessageToBuffer
                0x000047ea       0xf8 ./FREE_RTOS/Source/stream_buffer.o
 .text.xStreamBufferReceive
                0x000048e2      0x17c ./FREE_RTOS/Source/stream_buffer.o
                0x000048e2                xStreamBufferReceive
 .text.xStreamBufferNextMessageLengthBytes
                0x00004a5e       0x92 ./FREE_RTOS/Source/stream_buffer.o
                0x00004a5e                xStreamBufferNextMessageLengthBytes
 .text.xStreamBufferReceiveFromISR
                0x00004af0       0xf0 ./FREE_RTOS/Source/stream_buffer.o
                0x00004af0                xStreamBufferReceiveFromISR
 .text.prvReadMessageFromBuffer
                0x00004be0       0xfc ./FREE_RTOS/Source/stream_buffer.o
 .text.xStreamBufferIsEmpty
                0x00004cdc       0x5a ./FREE_RTOS/Source/stream_buffer.o
                0x00004cdc                xStreamBufferIsEmpty
 .text.xStreamBufferIsFull
                0x00004d36       0x70 ./FREE_RTOS/Source/stream_buffer.o
                0x00004d36                xStreamBufferIsFull
 .text.xStreamBufferSendCompletedFromISR
                0x00004da6       0x8c ./FREE_RTOS/Source/stream_buffer.o
                0x00004da6                xStreamBufferSendCompletedFromISR
 .text.xStreamBufferReceiveCompletedFromISR
                0x00004e32       0x8c ./FREE_RTOS/Source/stream_buffer.o
                0x00004e32                xStreamBufferReceiveCompletedFromISR
 .text.prvWriteBytesToBuffer
                0x00004ebe      0x106 ./FREE_RTOS/Source/stream_buffer.o
 .text.prvReadBytesFromBuffer
                0x00004fc4      0x10a ./FREE_RTOS/Source/stream_buffer.o
 .text.prvBytesInBuffer
                0x000050ce       0x74 ./FREE_RTOS/Source/stream_buffer.o
 .text.prvInitialiseNewStreamBuffer
                0x00005142       0x90 ./FREE_RTOS/Source/stream_buffer.o
 .text.xTaskCreate
                0x000051d2      0x100 ./FREE_RTOS/Source/tasks.o
                0x000051d2                xTaskCreate
 .text.prvInitialiseNewTask
                0x000052d2      0x15e ./FREE_RTOS/Source/tasks.o
 .text.prvAddNewTaskToReadyList
                0x00005430      0x17a ./FREE_RTOS/Source/tasks.o
 .text.vTaskDelete
                0x000055aa       0xf6 ./FREE_RTOS/Source/tasks.o
                0x000055aa                vTaskDelete
 .text.vTaskDelay
                0x000056a0       0x44 ./FREE_RTOS/Source/tasks.o
                0x000056a0                vTaskDelay
 .text.vTaskSuspend
                0x000056e4      0x122 ./FREE_RTOS/Source/tasks.o
                0x000056e4                vTaskSuspend
 .text.prvTaskIsTaskSuspended
                0x00005806       0x5e ./FREE_RTOS/Source/tasks.o
 .text.vTaskResume
                0x00005864      0x154 ./FREE_RTOS/Source/tasks.o
                0x00005864                vTaskResume
 .text.xTaskResumeFromISR
                0x000059b8      0x15e ./FREE_RTOS/Source/tasks.o
                0x000059b8                xTaskResumeFromISR
 .text.vTaskStartScheduler
                0x00005b16       0x6a ./FREE_RTOS/Source/tasks.o
                0x00005b16                vTaskStartScheduler
 .text.vTaskEndScheduler
                0x00005b80       0x18 ./FREE_RTOS/Source/tasks.o
                0x00005b80                vTaskEndScheduler
 .text.vTaskSuspendAll
                0x00005b98       0x18 ./FREE_RTOS/Source/tasks.o
                0x00005b98                vTaskSuspendAll
 .text.xTaskResumeAll
                0x00005bb0      0x2a0 ./FREE_RTOS/Source/tasks.o
                0x00005bb0                xTaskResumeAll
 .text.xTaskGetTickCount
                0x00005e50       0x2e ./FREE_RTOS/Source/tasks.o
                0x00005e50                xTaskGetTickCount
 .text.xTaskGetTickCountFromISR
                0x00005e7e       0x2a ./FREE_RTOS/Source/tasks.o
                0x00005e7e                xTaskGetTickCountFromISR
 .text.uxTaskGetNumberOfTasks
                0x00005ea8       0x12 ./FREE_RTOS/Source/tasks.o
                0x00005ea8                uxTaskGetNumberOfTasks
 .text.pcTaskGetName
                0x00005eba       0x50 ./FREE_RTOS/Source/tasks.o
                0x00005eba                pcTaskGetName
 .text.xTaskCatchUpTicks
                0x00005f0a       0x4a ./FREE_RTOS/Source/tasks.o
                0x00005f0a                xTaskCatchUpTicks
 .text.xTaskIncrementTick
                0x00005f54      0x32e ./FREE_RTOS/Source/tasks.o
                0x00005f54                xTaskIncrementTick
 .text.vTaskSwitchContext
                0x00006282       0xda ./FREE_RTOS/Source/tasks.o
                0x00006282                vTaskSwitchContext
 .text.vTaskPlaceOnEventList
                0x0000635c       0x44 ./FREE_RTOS/Source/tasks.o
                0x0000635c                vTaskPlaceOnEventList
 .text.vTaskPlaceOnUnorderedEventList
                0x000063a0       0xca ./FREE_RTOS/Source/tasks.o
                0x000063a0                vTaskPlaceOnUnorderedEventList
 .text.xTaskRemoveFromEventList
                0x0000646a      0x288 ./FREE_RTOS/Source/tasks.o
                0x0000646a                xTaskRemoveFromEventList
 .text.vTaskRemoveFromUnorderedEventList
                0x000066f2      0x21c ./FREE_RTOS/Source/tasks.o
                0x000066f2                vTaskRemoveFromUnorderedEventList
 .text.vTaskSetTimeOutState
                0x0000690e       0x3c ./FREE_RTOS/Source/tasks.o
                0x0000690e                vTaskSetTimeOutState
 .text.vTaskInternalSetTimeOutState
                0x0000694a       0x32 ./FREE_RTOS/Source/tasks.o
                0x0000694a                vTaskInternalSetTimeOutState
 .text.xTaskCheckForTimeOut
                0x0000697c       0xe2 ./FREE_RTOS/Source/tasks.o
                0x0000697c                xTaskCheckForTimeOut
 .text.vTaskMissedYield
                0x00006a5e       0x14 ./FREE_RTOS/Source/tasks.o
                0x00006a5e                vTaskMissedYield
 .text.prvIdleTask
                0x00006a72       0x14 ./FREE_RTOS/Source/tasks.o
 .text.prvInitialiseTaskLists
                0x00006a86       0x82 ./FREE_RTOS/Source/tasks.o
 .text.prvCheckTasksWaitingTermination
                0x00006b08       0x5e ./FREE_RTOS/Source/tasks.o
 .text.prvDeleteTCB
                0x00006b66       0x2c ./FREE_RTOS/Source/tasks.o
 .text.prvResetNextTaskUnblockTime
                0x00006b92       0x44 ./FREE_RTOS/Source/tasks.o
 .text.xTaskGetCurrentTaskHandle
                0x00006bd6       0x24 ./FREE_RTOS/Source/tasks.o
                0x00006bd6                xTaskGetCurrentTaskHandle
 .text.uxTaskResetEventItemValue
                0x00006bfa       0x4e ./FREE_RTOS/Source/tasks.o
                0x00006bfa                uxTaskResetEventItemValue
 .text.ulTaskGenericNotifyTake
                0x00006c48      0x16c ./FREE_RTOS/Source/tasks.o
                0x00006c48                ulTaskGenericNotifyTake
 .text.xTaskGenericNotifyWait
                0x00006db4      0x1ee ./FREE_RTOS/Source/tasks.o
                0x00006db4                xTaskGenericNotifyWait
 .text.xTaskGenericNotify
                0x00006fa2      0x37c ./FREE_RTOS/Source/tasks.o
                0x00006fa2                xTaskGenericNotify
 .text.xTaskGenericNotifyFromISR
                0x0000731e      0x3fe ./FREE_RTOS/Source/tasks.o
                0x0000731e                xTaskGenericNotifyFromISR
 .text.vTaskGenericNotifyGiveFromISR
                0x0000771c      0x2a0 ./FREE_RTOS/Source/tasks.o
                0x0000771c                vTaskGenericNotifyGiveFromISR
 .text.xTaskGenericNotifyStateClear
                0x000079bc       0x92 ./FREE_RTOS/Source/tasks.o
                0x000079bc                xTaskGenericNotifyStateClear
 .text.ulTaskGenericNotifyValueClear
                0x00007a4e      0x104 ./FREE_RTOS/Source/tasks.o
                0x00007a4e                ulTaskGenericNotifyValueClear
 .text.prvAddCurrentTaskToDelayedList
                0x00007b52      0x15a ./FREE_RTOS/Source/tasks.o
 .text.vTask0_Init
                0x00007cac       0x9a ./main.o
                0x00007cac                vTask0_Init
 .text.vTask1_LED0_ON
                0x00007d46       0x10 ./main.o
                0x00007d46                vTask1_LED0_ON
 .text.vTask2_LED0_OFF
                0x00007d56       0x10 ./main.o
                0x00007d56                vTask2_LED0_OFF
 .text.vTask3_LED0_TOGGLE
                0x00007d66       0x20 ./main.o
                0x00007d66                vTask3_LED0_TOGGLE
 .text.vTask4_LED1_ON
                0x00007d86       0x10 ./main.o
                0x00007d86                vTask4_LED1_ON
 .text.vTask5_LED1_OFF
                0x00007d96       0x10 ./main.o
                0x00007d96                vTask5_LED1_OFF
 .text.vTask6_LED1_TOGGLE
                0x00007da6       0x20 ./main.o
                0x00007da6                vTask6_LED1_TOGGLE
 .text.vTask7_LED2_ON
                0x00007dc6       0x10 ./main.o
                0x00007dc6                vTask7_LED2_ON
 .text.vTask8_LED2_OFF
                0x00007dd6       0x10 ./main.o
                0x00007dd6                vTask8_LED2_OFF
 .text.vTask9_LED2_TOGGLE
                0x00007de6       0x20 ./main.o
                0x00007de6                vTask9_LED2_TOGGLE
 .text.vTask10_LCD_Write_1
                0x00007e06       0x50 ./main.o
                0x00007e06                vTask10_LCD_Write_1
 .text.vTask11_LCD_Write_2
                0x00007e56       0x50 ./main.o
                0x00007e56                vTask11_LCD_Write_2
 .text.main     0x00007ea6       0x50 ./main.o
                0x00007ea6                main
 .text.libgcc   0x00007ef6       0x28 c:/winavr-20100110/bin/../lib/gcc/avr/4.3.3/avr5\libgcc.a(_udivmodhi4.o)
                0x00007ef6                __udivmodhi4
 .text.libgcc   0x00007f1e       0x36 c:/winavr-20100110/bin/../lib/gcc/avr/4.3.3/avr5\libgcc.a(_divmodsi4.o)
                0x00007f1e                __divmodsi4
 .text.libgcc   0x00007f54        0x0 c:/winavr-20100110/bin/../lib/gcc/avr/4.3.3/avr5\libgcc.a(_exit.o)
 .text.libgcc   0x00007f54        0x0 c:/winavr-20100110/bin/../lib/gcc/avr/4.3.3/avr5\libgcc.a(_copy_data.o)
 .text.libgcc   0x00007f54        0x0 c:/winavr-20100110/bin/../lib/gcc/avr/4.3.3/avr5\libgcc.a(_clear_bss.o)
 .text.libgcc   0x00007f54       0x44 c:/winavr-20100110/bin/../lib/gcc/avr/4.3.3/avr5\libgcc.a(_udivmodsi4.o)
                0x00007f54                __udivmodsi4
 .text.libgcc   0x00007f98       0x38 c:/winavr-20100110/bin/../lib/gcc/avr/4.3.3/avr5\libgcc.a(_prologue.o)
                0x00007f98                __prologue_saves__
 .text.libgcc   0x00007fd0       0x36 c:/winavr-20100110/bin/../lib/gcc/avr/4.3.3/avr5\libgcc.a(_epilogue.o)
                0x00007fd0                __epilogue_restores__
 .text.avr-libc
                0x00008006       0x12 c:/winavr-20100110/bin/../lib/gcc/avr/4.3.3/../../../../avr/lib/avr5\libc.a(memcpy.o)
                0x00008006                memcpy
 .text.avr-libc
                0x00008018        0xe c:/winavr-20100110/bin/../lib/gcc/avr/4.3.3/../../../../avr/lib/avr5\libc.a(memset.o)
                0x00008018                memset
                0x00008026                . = ALIGN (0x2)
 *(.fini9)
 .fini9         0x00008026        0x0 c:/winavr-20100110/bin/../lib/gcc/avr/4.3.3/avr5\libgcc.a(_exit.o)
                0x00008026                exit
                0x00008026                _exit
 *(.fini9)
 *(.fini8)
 *(.fini8)
 *(.fini7)
 *(.fini7)
 *(.fini6)
 *(.fini6)
 *(.fini5)
 *(.fini5)
 *(.fini4)
 *(.fini4)
 *(.fini3)
 *(.fini3)
 *(.fini2)
 *(.fini2)
 *(.fini1)
 *(.fini1)
 *(.fini0)
 .fini0         0x00008026        0x4 c:/winavr-20100110/bin/../lib/gcc/avr/4.3.3/avr5\libgcc.a(_exit.o)
 *(.fini0)
                0x0000802a                _etext = .

.data           0x00800060       0x48 load address 0x0000802a
                0x00800060                PROVIDE (__data_start, .)
 *(.data)
 .data          0x00800060        0x0 c:/winavr-20100110/bin/../lib/gcc/avr/4.3.3/../../../../avr/lib/avr5/crtm32.o
 .data          0x00800060        0x0 ./MCAL/DIO/DIO_program.o
 .data          0x00800060        0x0 ./HAL/LED/LED_Program.o
 .data          0x00800060        0x0 ./HAL/LCD/LCD_HAL_program.o
 .data          0x00800060        0x0 ./HAL/BTN/BTN_program.o
 .data          0x00800060        0x0 ./FREE_RTOS/Source/croutine.o
 .data          0x00800060        0x0 ./FREE_RTOS/Source/event_groups.o
 .data          0x00800060        0x0 ./FREE_RTOS/Source/heap_4.o
 .data          0x00800060        0x0 ./FREE_RTOS/Source/list.o
 .data          0x00800060        0x0 ./FREE_RTOS/Source/port.o
 .data          0x00800060        0x0 ./FREE_RTOS/Source/queue.o
 .data          0x00800060        0x0 ./FREE_RTOS/Source/stream_buffer.o
 .data          0x00800060        0x5 ./FREE_RTOS/Source/tasks.o
 .data          0x00800065        0x0 ./FREE_RTOS/Source/timers.o
 .data          0x00800065       0x37 ./main.o
 .data          0x0080009c        0x0 c:/winavr-20100110/bin/../lib/gcc/avr/4.3.3/avr5\libgcc.a(_udivmodhi4.o)
 .data          0x0080009c        0x0 c:/winavr-20100110/bin/../lib/gcc/avr/4.3.3/avr5\libgcc.a(_divmodsi4.o)
 .data          0x0080009c        0x0 c:/winavr-20100110/bin/../lib/gcc/avr/4.3.3/avr5\libgcc.a(_exit.o)
 .data          0x0080009c        0x0 c:/winavr-20100110/bin/../lib/gcc/avr/4.3.3/avr5\libgcc.a(_copy_data.o)
 .data          0x0080009c        0x0 c:/winavr-20100110/bin/../lib/gcc/avr/4.3.3/avr5\libgcc.a(_clear_bss.o)
 .data          0x0080009c        0x0 c:/winavr-20100110/bin/../lib/gcc/avr/4.3.3/avr5\libgcc.a(_fixunssfsi.o)
 .data          0x0080009c        0x0 c:/winavr-20100110/bin/../lib/gcc/avr/4.3.3/avr5\libgcc.a(_addsub_sf.o)
 .data          0x0080009c        0x0 c:/winavr-20100110/bin/../lib/gcc/avr/4.3.3/avr5\libgcc.a(_mul_sf.o)
 .data          0x0080009c        0x0 c:/winavr-20100110/bin/../lib/gcc/avr/4.3.3/avr5\libgcc.a(_gt_sf.o)
 .data          0x0080009c        0x0 c:/winavr-20100110/bin/../lib/gcc/avr/4.3.3/avr5\libgcc.a(_ge_sf.o)
 .data          0x0080009c        0x0 c:/winavr-20100110/bin/../lib/gcc/avr/4.3.3/avr5\libgcc.a(_lt_sf.o)
 .data          0x0080009c        0x0 c:/winavr-20100110/bin/../lib/gcc/avr/4.3.3/avr5\libgcc.a(_sf_to_si.o)
 .data          0x0080009c        0x8 c:/winavr-20100110/bin/../lib/gcc/avr/4.3.3/avr5\libgcc.a(_thenan_sf.o)
                0x0080009c                __thenan_sf
 .data          0x008000a4        0x0 c:/winavr-20100110/bin/../lib/gcc/avr/4.3.3/avr5\libgcc.a(_udivmodsi4.o)
 .data          0x008000a4        0x0 c:/winavr-20100110/bin/../lib/gcc/avr/4.3.3/avr5\libgcc.a(_prologue.o)
 .data          0x008000a4        0x0 c:/winavr-20100110/bin/../lib/gcc/avr/4.3.3/avr5\libgcc.a(_epilogue.o)
 .data          0x008000a4        0x0 c:/winavr-20100110/bin/../lib/gcc/avr/4.3.3/avr5\libgcc.a(_pack_sf.o)
 .data          0x008000a4        0x0 c:/winavr-20100110/bin/../lib/gcc/avr/4.3.3/avr5\libgcc.a(_unpack_sf.o)
 .data          0x008000a4        0x0 c:/winavr-20100110/bin/../lib/gcc/avr/4.3.3/avr5\libgcc.a(_fpcmp_parts_sf.o)
 .data          0x008000a4        0x0 c:/winavr-20100110/bin/../lib/gcc/avr/4.3.3/../../../../avr/lib/avr5\libc.a(memcpy.o)
 .data          0x008000a4        0x0 c:/winavr-20100110/bin/../lib/gcc/avr/4.3.3/../../../../avr/lib/avr5\libc.a(memset.o)
 *(.data*)
 .data.uxTopUsedPriority
                0x008000a4        0x1 ./FREE_RTOS/Source/tasks.o
                0x008000a4                uxTopUsedPriority
 *(.rodata)
 *(.rodata*)
 .rodata.xHeapStructSize
                0x008000a5        0x2 ./FREE_RTOS/Source/heap_4.o
 *(.gnu.linkonce.d*)
                0x008000a8                . = ALIGN (0x2)
 *fill*         0x008000a7        0x1 00
                0x008000a8                _edata = .
                0x008000a8                PROVIDE (__data_end, .)

.bss            0x008000a8      0x66c
                0x008000a8                PROVIDE (__bss_start, .)
 *(.bss)
 .bss           0x008000a8        0x0 c:/winavr-20100110/bin/../lib/gcc/avr/4.3.3/../../../../avr/lib/avr5/crtm32.o
 .bss           0x008000a8        0x0 ./MCAL/DIO/DIO_program.o
 .bss           0x008000a8        0x0 ./HAL/LED/LED_Program.o
 .bss           0x008000a8        0x0 ./HAL/LCD/LCD_HAL_program.o
 .bss           0x008000a8        0x0 ./HAL/BTN/BTN_program.o
 .bss           0x008000a8        0x0 ./FREE_RTOS/Source/croutine.o
 .bss           0x008000a8        0x0 ./FREE_RTOS/Source/event_groups.o
 .bss           0x008000a8        0x0 ./FREE_RTOS/Source/heap_4.o
 .bss           0x008000a8        0x0 ./FREE_RTOS/Source/list.o
 .bss           0x008000a8        0x0 ./FREE_RTOS/Source/port.o
 .bss           0x008000a8        0x0 ./FREE_RTOS/Source/queue.o
 .bss           0x008000a8        0x0 ./FREE_RTOS/Source/stream_buffer.o
 .bss           0x008000a8        0x0 ./FREE_RTOS/Source/tasks.o
 .bss           0x008000a8        0x0 ./FREE_RTOS/Source/timers.o
 .bss           0x008000a8        0x0 ./main.o
 .bss           0x008000a8        0x0 c:/winavr-20100110/bin/../lib/gcc/avr/4.3.3/avr5\libgcc.a(_udivmodhi4.o)
 .bss           0x008000a8        0x0 c:/winavr-20100110/bin/../lib/gcc/avr/4.3.3/avr5\libgcc.a(_divmodsi4.o)
 .bss           0x008000a8        0x0 c:/winavr-20100110/bin/../lib/gcc/avr/4.3.3/avr5\libgcc.a(_exit.o)
 .bss           0x008000a8        0x0 c:/winavr-20100110/bin/../lib/gcc/avr/4.3.3/avr5\libgcc.a(_copy_data.o)
 .bss           0x008000a8        0x0 c:/winavr-20100110/bin/../lib/gcc/avr/4.3.3/avr5\libgcc.a(_clear_bss.o)
 .bss           0x008000a8        0x0 c:/winavr-20100110/bin/../lib/gcc/avr/4.3.3/avr5\libgcc.a(_fixunssfsi.o)
 .bss           0x008000a8        0x0 c:/winavr-20100110/bin/../lib/gcc/avr/4.3.3/avr5\libgcc.a(_addsub_sf.o)
 .bss           0x008000a8        0x0 c:/winavr-20100110/bin/../lib/gcc/avr/4.3.3/avr5\libgcc.a(_mul_sf.o)
 .bss           0x008000a8        0x0 c:/winavr-20100110/bin/../lib/gcc/avr/4.3.3/avr5\libgcc.a(_gt_sf.o)
 .bss           0x008000a8        0x0 c:/winavr-20100110/bin/../lib/gcc/avr/4.3.3/avr5\libgcc.a(_ge_sf.o)
 .bss           0x008000a8        0x0 c:/winavr-20100110/bin/../lib/gcc/avr/4.3.3/avr5\libgcc.a(_lt_sf.o)
 .bss           0x008000a8        0x0 c:/winavr-20100110/bin/../lib/gcc/avr/4.3.3/avr5\libgcc.a(_sf_to_si.o)
 .bss           0x008000a8        0x0 c:/winavr-20100110/bin/../lib/gcc/avr/4.3.3/avr5\libgcc.a(_thenan_sf.o)
 .bss           0x008000a8        0x0 c:/winavr-20100110/bin/../lib/gcc/avr/4.3.3/avr5\libgcc.a(_udivmodsi4.o)
 .bss           0x008000a8        0x0 c:/winavr-20100110/bin/../lib/gcc/avr/4.3.3/avr5\libgcc.a(_prologue.o)
 .bss           0x008000a8        0x0 c:/winavr-20100110/bin/../lib/gcc/avr/4.3.3/avr5\libgcc.a(_epilogue.o)
 .bss           0x008000a8        0x0 c:/winavr-20100110/bin/../lib/gcc/avr/4.3.3/avr5\libgcc.a(_pack_sf.o)
 .bss           0x008000a8        0x0 c:/winavr-20100110/bin/../lib/gcc/avr/4.3.3/avr5\libgcc.a(_unpack_sf.o)
 .bss           0x008000a8        0x0 c:/winavr-20100110/bin/../lib/gcc/avr/4.3.3/avr5\libgcc.a(_fpcmp_parts_sf.o)
 .bss           0x008000a8        0x0 c:/winavr-20100110/bin/../lib/gcc/avr/4.3.3/../../../../avr/lib/avr5\libc.a(memcpy.o)
 .bss           0x008000a8        0x0 c:/winavr-20100110/bin/../lib/gcc/avr/4.3.3/../../../../avr/lib/avr5\libc.a(memset.o)
 *(.bss*)
 .bss.Global_u8FourBitInitFlag
                0x008000a8        0x1 ./HAL/LCD/LCD_HAL_program.o
 .bss.pxEnd     0x008000a9        0x2 ./FREE_RTOS/Source/heap_4.o
 .bss.xFreeBytesRemaining
                0x008000ab        0x2 ./FREE_RTOS/Source/heap_4.o
 .bss.xMinimumEverFreeBytesRemaining
                0x008000ad        0x2 ./FREE_RTOS/Source/heap_4.o
 .bss.xBlockAllocatedBit
                0x008000af        0x2 ./FREE_RTOS/Source/heap_4.o
 .bss.ucHeap    0x008000b1      0x5dc ./FREE_RTOS/Source/heap_4.o
 .bss.xStart    0x0080068d        0x4 ./FREE_RTOS/Source/heap_4.o
 .bss.pxCurrentTCB
                0x00800691        0x2 ./FREE_RTOS/Source/tasks.o
                0x00800691                pxCurrentTCB
 .bss.uxDeletedTasksWaitingCleanUp
                0x00800693        0x1 ./FREE_RTOS/Source/tasks.o
 .bss.uxCurrentNumberOfTasks
                0x00800694        0x1 ./FREE_RTOS/Source/tasks.o
 .bss.xTickCount
                0x00800695        0x2 ./FREE_RTOS/Source/tasks.o
 .bss.uxTopReadyPriority
                0x00800697        0x1 ./FREE_RTOS/Source/tasks.o
 .bss.xSchedulerRunning
                0x00800698        0x1 ./FREE_RTOS/Source/tasks.o
 .bss.xPendedTicks
                0x00800699        0x2 ./FREE_RTOS/Source/tasks.o
 .bss.xYieldPending
                0x0080069b        0x1 ./FREE_RTOS/Source/tasks.o
 .bss.xNumOfOverflows
                0x0080069c        0x1 ./FREE_RTOS/Source/tasks.o
 .bss.uxTaskNumber
                0x0080069d        0x1 ./FREE_RTOS/Source/tasks.o
 .bss.xNextTaskUnblockTime
                0x0080069e        0x2 ./FREE_RTOS/Source/tasks.o
 .bss.xIdleTaskHandle
                0x008006a0        0x2 ./FREE_RTOS/Source/tasks.o
 .bss.uxSchedulerSuspended
                0x008006a2        0x1 ./FREE_RTOS/Source/tasks.o
 .bss.pxReadyTasksLists
                0x008006a3       0x24 ./FREE_RTOS/Source/tasks.o
 .bss.xDelayedTaskList1
                0x008006c7        0x9 ./FREE_RTOS/Source/tasks.o
 .bss.xDelayedTaskList2
                0x008006d0        0x9 ./FREE_RTOS/Source/tasks.o
 .bss.pxDelayedTaskList
                0x008006d9        0x2 ./FREE_RTOS/Source/tasks.o
 .bss.pxOverflowDelayedTaskList
                0x008006db        0x2 ./FREE_RTOS/Source/tasks.o
 .bss.xPendingReadyList
                0x008006dd        0x9 ./FREE_RTOS/Source/tasks.o
 .bss.xTasksWaitingTermination
                0x008006e6        0x9 ./FREE_RTOS/Source/tasks.o
 .bss.xSuspendedTaskList
                0x008006ef        0x9 ./FREE_RTOS/Source/tasks.o
 .bss.Initialize_Task
                0x008006f8        0x2 ./main.o
                0x008006f8                Initialize_Task
 .bss.LED0_On_Task
                0x008006fa        0x2 ./main.o
                0x008006fa                LED0_On_Task
 .bss.LED0_Off_Task
                0x008006fc        0x2 ./main.o
                0x008006fc                LED0_Off_Task
 .bss.LED0_Toggle_Task
                0x008006fe        0x2 ./main.o
                0x008006fe                LED0_Toggle_Task
 .bss.LED1_On_Task
                0x00800700        0x2 ./main.o
                0x00800700                LED1_On_Task
 .bss.LED1_Off_Task
                0x00800702        0x2 ./main.o
                0x00800702                LED1_Off_Task
 .bss.LED1_Toggle_Task
                0x00800704        0x2 ./main.o
                0x00800704                LED1_Toggle_Task
 .bss.LED2_On_Task
                0x00800706        0x2 ./main.o
                0x00800706                LED2_On_Task
 .bss.LED2_Off_Task
                0x00800708        0x2 ./main.o
                0x00800708                LED2_Off_Task
 .bss.LED2_Toggle_Task
                0x0080070a        0x2 ./main.o
                0x0080070a                LED2_Toggle_Task
 .bss.LCD_Write_Task1
                0x0080070c        0x2 ./main.o
                0x0080070c                LCD_Write_Task1
 .bss.LCD_Write_Task2
                0x0080070e        0x2 ./main.o
                0x0080070e                LCD_Write_Task2
 .bss.BTN_Press_Task
                0x00800710        0x2 ./main.o
                0x00800710                BTN_Press_Task
 *(COMMON)
 COMMON         0x00800712        0x2 ./main.o
                0x00800712                LCD_Key
                0x00800714                PROVIDE (__bss_end, .)
                0x0000802a                __data_load_start = LOADADDR (.data)
                0x00008072                __data_load_end = (__data_load_start + SIZEOF (.data))

.noinit         0x00800714        0x0
                0x00800714                PROVIDE (__noinit_start, .)
 *(.noinit*)
                0x00800714                PROVIDE (__noinit_end, .)
                0x00800714                _end = .
                0x00800714                PROVIDE (__heap_start, .)

.eeprom         0x00810000        0x0
 *(.eeprom*)
                0x00810000                __eeprom_end = .

.fuse
 *(.fuse)
 *(.lfuse)
 *(.hfuse)
 *(.efuse)

.lock
 *(.lock*)

.signature
 *(.signature*)

.stab           0x00000000     0xa86c
 *(.stab)
 .stab          0x00000000      0x990 ./MCAL/DIO/DIO_program.o
 .stab          0x00000990       0xd8 ./HAL/LED/LED_Program.o
                                 0xe4 (size before relaxing)
 .stab          0x00000a68     0x10d4 ./HAL/LCD/LCD_HAL_program.o
                               0x1110 (size before relaxing)
 .stab          0x00001b3c      0x270 ./HAL/BTN/BTN_program.o
                                0x2ac (size before relaxing)
 .stab          0x00001dac      0x414 ./FREE_RTOS/Source/croutine.o
                                0x5ac (size before relaxing)
 .stab          0x000021c0      0xdbc ./FREE_RTOS/Source/event_groups.o
                               0x1098 (size before relaxing)
 .stab          0x00002f7c      0x720 ./FREE_RTOS/Source/heap_4.o
                                0xb88 (size before relaxing)
 .stab          0x0000369c      0x438 ./FREE_RTOS/Source/list.o
                                0x7d4 (size before relaxing)
 .stab          0x00003ad4      0x870 ./FREE_RTOS/Source/port.o
                                0xcfc (size before relaxing)
 .stab          0x00004344     0x1b00 ./FREE_RTOS/Source/queue.o
                               0x1f68 (size before relaxing)
 .stab          0x00005e44     0x1608 ./FREE_RTOS/Source/stream_buffer.o
                               0x1a04 (size before relaxing)
 .stab          0x0000744c     0x2838 ./FREE_RTOS/Source/tasks.o
                               0x2cd0 (size before relaxing)
 .stab          0x00009c84      0x168 ./FREE_RTOS/Source/timers.o
                                0x630 (size before relaxing)
 .stab          0x00009dec      0xa80 ./main.o
                                0xabc (size before relaxing)

.stabstr        0x00000000     0x6d99
 *(.stabstr)
 .stabstr       0x00000000     0x6d99 ./MCAL/DIO/DIO_program.o

.stab.excl
 *(.stab.excl)

.stab.exclstr
 *(.stab.exclstr)

.stab.index
 *(.stab.index)

.stab.indexstr
 *(.stab.indexstr)

.comment
 *(.comment)

.debug
 *(.debug)

.line
 *(.line)

.debug_srcinfo
 *(.debug_srcinfo)

.debug_sfnames
 *(.debug_sfnames)

.debug_aranges  0x00000000      0x140
 *(.debug_aranges)
 .debug_aranges
                0x00000000       0x20 c:/winavr-20100110/bin/../lib/gcc/avr/4.3.3/avr5\libgcc.a(_fixunssfsi.o)
 .debug_aranges
                0x00000020       0x20 c:/winavr-20100110/bin/../lib/gcc/avr/4.3.3/avr5\libgcc.a(_addsub_sf.o)
 .debug_aranges
                0x00000040       0x20 c:/winavr-20100110/bin/../lib/gcc/avr/4.3.3/avr5\libgcc.a(_mul_sf.o)
 .debug_aranges
                0x00000060       0x20 c:/winavr-20100110/bin/../lib/gcc/avr/4.3.3/avr5\libgcc.a(_gt_sf.o)
 .debug_aranges
                0x00000080       0x20 c:/winavr-20100110/bin/../lib/gcc/avr/4.3.3/avr5\libgcc.a(_ge_sf.o)
 .debug_aranges
                0x000000a0       0x20 c:/winavr-20100110/bin/../lib/gcc/avr/4.3.3/avr5\libgcc.a(_lt_sf.o)
 .debug_aranges
                0x000000c0       0x20 c:/winavr-20100110/bin/../lib/gcc/avr/4.3.3/avr5\libgcc.a(_sf_to_si.o)
 .debug_aranges
                0x000000e0       0x20 c:/winavr-20100110/bin/../lib/gcc/avr/4.3.3/avr5\libgcc.a(_pack_sf.o)
 .debug_aranges
                0x00000100       0x20 c:/winavr-20100110/bin/../lib/gcc/avr/4.3.3/avr5\libgcc.a(_unpack_sf.o)
 .debug_aranges
                0x00000120       0x20 c:/winavr-20100110/bin/../lib/gcc/avr/4.3.3/avr5\libgcc.a(_fpcmp_parts_sf.o)

.debug_pubnames
                0x00000000      0x170
 *(.debug_pubnames)
 .debug_pubnames
                0x00000000       0x23 c:/winavr-20100110/bin/../lib/gcc/avr/4.3.3/avr5\libgcc.a(_fixunssfsi.o)
 .debug_pubnames
                0x00000023       0x2c c:/winavr-20100110/bin/../lib/gcc/avr/4.3.3/avr5\libgcc.a(_addsub_sf.o)
 .debug_pubnames
                0x0000004f       0x1f c:/winavr-20100110/bin/../lib/gcc/avr/4.3.3/avr5\libgcc.a(_mul_sf.o)
 .debug_pubnames
                0x0000006e       0x1e c:/winavr-20100110/bin/../lib/gcc/avr/4.3.3/avr5\libgcc.a(_gt_sf.o)
 .debug_pubnames
                0x0000008c       0x1e c:/winavr-20100110/bin/../lib/gcc/avr/4.3.3/avr5\libgcc.a(_ge_sf.o)
 .debug_pubnames
                0x000000aa       0x1e c:/winavr-20100110/bin/../lib/gcc/avr/4.3.3/avr5\libgcc.a(_lt_sf.o)
 .debug_pubnames
                0x000000c8       0x20 c:/winavr-20100110/bin/../lib/gcc/avr/4.3.3/avr5\libgcc.a(_sf_to_si.o)
 .debug_pubnames
                0x000000e8       0x22 c:/winavr-20100110/bin/../lib/gcc/avr/4.3.3/avr5\libgcc.a(_thenan_sf.o)
 .debug_pubnames
                0x0000010a       0x1f c:/winavr-20100110/bin/../lib/gcc/avr/4.3.3/avr5\libgcc.a(_pack_sf.o)
 .debug_pubnames
                0x00000129       0x21 c:/winavr-20100110/bin/../lib/gcc/avr/4.3.3/avr5\libgcc.a(_unpack_sf.o)
 .debug_pubnames
                0x0000014a       0x26 c:/winavr-20100110/bin/../lib/gcc/avr/4.3.3/avr5\libgcc.a(_fpcmp_parts_sf.o)

.debug_info     0x00000000     0x1c49
 *(.debug_info)
 .debug_info    0x00000000       0xb1 c:/winavr-20100110/bin/../lib/gcc/avr/4.3.3/avr5\libgcc.a(_fixunssfsi.o)
 .debug_info    0x000000b1      0x47a c:/winavr-20100110/bin/../lib/gcc/avr/4.3.3/avr5\libgcc.a(_addsub_sf.o)
 .debug_info    0x0000052b      0x485 c:/winavr-20100110/bin/../lib/gcc/avr/4.3.3/avr5\libgcc.a(_mul_sf.o)
 .debug_info    0x000009b0      0x27f c:/winavr-20100110/bin/../lib/gcc/avr/4.3.3/avr5\libgcc.a(_gt_sf.o)
 .debug_info    0x00000c2f      0x27f c:/winavr-20100110/bin/../lib/gcc/avr/4.3.3/avr5\libgcc.a(_ge_sf.o)
 .debug_info    0x00000eae      0x27f c:/winavr-20100110/bin/../lib/gcc/avr/4.3.3/avr5\libgcc.a(_lt_sf.o)
 .debug_info    0x0000112d      0x2b0 c:/winavr-20100110/bin/../lib/gcc/avr/4.3.3/avr5\libgcc.a(_sf_to_si.o)
 .debug_info    0x000013dd      0x12c c:/winavr-20100110/bin/../lib/gcc/avr/4.3.3/avr5\libgcc.a(_thenan_sf.o)
 .debug_info    0x00001509      0x2df c:/winavr-20100110/bin/../lib/gcc/avr/4.3.3/avr5\libgcc.a(_pack_sf.o)
 .debug_info    0x000017e8      0x251 c:/winavr-20100110/bin/../lib/gcc/avr/4.3.3/avr5\libgcc.a(_unpack_sf.o)
 .debug_info    0x00001a39      0x210 c:/winavr-20100110/bin/../lib/gcc/avr/4.3.3/avr5\libgcc.a(_fpcmp_parts_sf.o)
 *(.gnu.linkonce.wi.*)

.debug_abbrev   0x00000000      0xeeb
 *(.debug_abbrev)
 .debug_abbrev  0x00000000       0x5d c:/winavr-20100110/bin/../lib/gcc/avr/4.3.3/avr5\libgcc.a(_fixunssfsi.o)
 .debug_abbrev  0x0000005d      0x1ea c:/winavr-20100110/bin/../lib/gcc/avr/4.3.3/avr5\libgcc.a(_addsub_sf.o)
 .debug_abbrev  0x00000247      0x21b c:/winavr-20100110/bin/../lib/gcc/avr/4.3.3/avr5\libgcc.a(_mul_sf.o)
 .debug_abbrev  0x00000462      0x15a c:/winavr-20100110/bin/../lib/gcc/avr/4.3.3/avr5\libgcc.a(_gt_sf.o)
 .debug_abbrev  0x000005bc      0x15a c:/winavr-20100110/bin/../lib/gcc/avr/4.3.3/avr5\libgcc.a(_ge_sf.o)
 .debug_abbrev  0x00000716      0x15a c:/winavr-20100110/bin/../lib/gcc/avr/4.3.3/avr5\libgcc.a(_lt_sf.o)
 .debug_abbrev  0x00000870      0x17f c:/winavr-20100110/bin/../lib/gcc/avr/4.3.3/avr5\libgcc.a(_sf_to_si.o)
 .debug_abbrev  0x000009ef       0xad c:/winavr-20100110/bin/../lib/gcc/avr/4.3.3/avr5\libgcc.a(_thenan_sf.o)
 .debug_abbrev  0x00000a9c      0x1c0 c:/winavr-20100110/bin/../lib/gcc/avr/4.3.3/avr5\libgcc.a(_pack_sf.o)
 .debug_abbrev  0x00000c5c      0x154 c:/winavr-20100110/bin/../lib/gcc/avr/4.3.3/avr5\libgcc.a(_unpack_sf.o)
 .debug_abbrev  0x00000db0      0x13b c:/winavr-20100110/bin/../lib/gcc/avr/4.3.3/avr5\libgcc.a(_fpcmp_parts_sf.o)

.debug_line     0x00000000      0xdad
 *(.debug_line)
 .debug_line    0x00000000       0xa7 c:/winavr-20100110/bin/../lib/gcc/avr/4.3.3/avr5\libgcc.a(_fixunssfsi.o)
 .debug_line    0x000000a7      0x2af c:/winavr-20100110/bin/../lib/gcc/avr/4.3.3/avr5\libgcc.a(_addsub_sf.o)
 .debug_line    0x00000356      0x239 c:/winavr-20100110/bin/../lib/gcc/avr/4.3.3/avr5\libgcc.a(_mul_sf.o)
 .debug_line    0x0000058f       0xd3 c:/winavr-20100110/bin/../lib/gcc/avr/4.3.3/avr5\libgcc.a(_gt_sf.o)
 .debug_line    0x00000662       0xd3 c:/winavr-20100110/bin/../lib/gcc/avr/4.3.3/avr5\libgcc.a(_ge_sf.o)
 .debug_line    0x00000735       0xd3 c:/winavr-20100110/bin/../lib/gcc/avr/4.3.3/avr5\libgcc.a(_lt_sf.o)
 .debug_line    0x00000808      0x109 c:/winavr-20100110/bin/../lib/gcc/avr/4.3.3/avr5\libgcc.a(_sf_to_si.o)
 .debug_line    0x00000911       0x90 c:/winavr-20100110/bin/../lib/gcc/avr/4.3.3/avr5\libgcc.a(_thenan_sf.o)
 .debug_line    0x000009a1      0x18a c:/winavr-20100110/bin/../lib/gcc/avr/4.3.3/avr5\libgcc.a(_pack_sf.o)
 .debug_line    0x00000b2b      0x14b c:/winavr-20100110/bin/../lib/gcc/avr/4.3.3/avr5\libgcc.a(_unpack_sf.o)
 .debug_line    0x00000c76      0x137 c:/winavr-20100110/bin/../lib/gcc/avr/4.3.3/avr5\libgcc.a(_fpcmp_parts_sf.o)

.debug_frame    0x00000000      0x160
 *(.debug_frame)
 .debug_frame   0x00000000       0x20 c:/winavr-20100110/bin/../lib/gcc/avr/4.3.3/avr5\libgcc.a(_fixunssfsi.o)
 .debug_frame   0x00000020       0x40 c:/winavr-20100110/bin/../lib/gcc/avr/4.3.3/avr5\libgcc.a(_addsub_sf.o)
 .debug_frame   0x00000060       0x20 c:/winavr-20100110/bin/../lib/gcc/avr/4.3.3/avr5\libgcc.a(_mul_sf.o)
 .debug_frame   0x00000080       0x20 c:/winavr-20100110/bin/../lib/gcc/avr/4.3.3/avr5\libgcc.a(_gt_sf.o)
 .debug_frame   0x000000a0       0x20 c:/winavr-20100110/bin/../lib/gcc/avr/4.3.3/avr5\libgcc.a(_ge_sf.o)
 .debug_frame   0x000000c0       0x20 c:/winavr-20100110/bin/../lib/gcc/avr/4.3.3/avr5\libgcc.a(_lt_sf.o)
 .debug_frame   0x000000e0       0x20 c:/winavr-20100110/bin/../lib/gcc/avr/4.3.3/avr5\libgcc.a(_sf_to_si.o)
 .debug_frame   0x00000100       0x20 c:/winavr-20100110/bin/../lib/gcc/avr/4.3.3/avr5\libgcc.a(_pack_sf.o)
 .debug_frame   0x00000120       0x20 c:/winavr-20100110/bin/../lib/gcc/avr/4.3.3/avr5\libgcc.a(_unpack_sf.o)
 .debug_frame   0x00000140       0x20 c:/winavr-20100110/bin/../lib/gcc/avr/4.3.3/avr5\libgcc.a(_fpcmp_parts_sf.o)

.debug_str      0x00000000      0x28d
 *(.debug_str)
 .debug_str     0x00000000       0xbf c:/winavr-20100110/bin/../lib/gcc/avr/4.3.3/avr5\libgcc.a(_fixunssfsi.o)
                                 0xfe (size before relaxing)
 .debug_str     0x000000bf      0x14d c:/winavr-20100110/bin/../lib/gcc/avr/4.3.3/avr5\libgcc.a(_addsub_sf.o)
                                0x206 (size before relaxing)
 .debug_str     0x0000020c       0x27 c:/winavr-20100110/bin/../lib/gcc/avr/4.3.3/avr5\libgcc.a(_mul_sf.o)
                                0x1bf (size before relaxing)
 .debug_str     0x00000233        0xf c:/winavr-20100110/bin/../lib/gcc/avr/4.3.3/avr5\libgcc.a(_gt_sf.o)
                                0x195 (size before relaxing)
 .debug_str     0x00000242        0x8 c:/winavr-20100110/bin/../lib/gcc/avr/4.3.3/avr5\libgcc.a(_ge_sf.o)
                                0x195 (size before relaxing)
 .debug_str     0x0000024a        0x8 c:/winavr-20100110/bin/../lib/gcc/avr/4.3.3/avr5\libgcc.a(_lt_sf.o)
                                0x195 (size before relaxing)
 .debug_str     0x00000252        0xa c:/winavr-20100110/bin/../lib/gcc/avr/4.3.3/avr5\libgcc.a(_sf_to_si.o)
                                0x19e (size before relaxing)
 .debug_str     0x00000000      0x103 c:/winavr-20100110/bin/../lib/gcc/avr/4.3.3/avr5\libgcc.a(_thenan_sf.o)
 .debug_str     0x0000025c       0x16 c:/winavr-20100110/bin/../lib/gcc/avr/4.3.3/avr5\libgcc.a(_pack_sf.o)
                                0x19d (size before relaxing)
 .debug_str     0x00000272        0xb c:/winavr-20100110/bin/../lib/gcc/avr/4.3.3/avr5\libgcc.a(_unpack_sf.o)
                                0x17f (size before relaxing)
 .debug_str     0x0000027d       0x10 c:/winavr-20100110/bin/../lib/gcc/avr/4.3.3/avr5\libgcc.a(_fpcmp_parts_sf.o)
                                0x163 (size before relaxing)

.debug_loc      0x00000000      0x7ce
 *(.debug_loc)
 .debug_loc     0x00000000       0x34 c:/winavr-20100110/bin/../lib/gcc/avr/4.3.3/avr5\libgcc.a(_fixunssfsi.o)
 .debug_loc     0x00000034      0x32a c:/winavr-20100110/bin/../lib/gcc/avr/4.3.3/avr5\libgcc.a(_addsub_sf.o)
 .debug_loc     0x0000035e      0x104 c:/winavr-20100110/bin/../lib/gcc/avr/4.3.3/avr5\libgcc.a(_mul_sf.o)
 .debug_loc     0x00000462       0x3c c:/winavr-20100110/bin/../lib/gcc/avr/4.3.3/avr5\libgcc.a(_gt_sf.o)
 .debug_loc     0x0000049e       0x3c c:/winavr-20100110/bin/../lib/gcc/avr/4.3.3/avr5\libgcc.a(_ge_sf.o)
 .debug_loc     0x000004da       0x3c c:/winavr-20100110/bin/../lib/gcc/avr/4.3.3/avr5\libgcc.a(_lt_sf.o)
 .debug_loc     0x00000516       0x7e c:/winavr-20100110/bin/../lib/gcc/avr/4.3.3/avr5\libgcc.a(_sf_to_si.o)
 .debug_loc     0x00000594      0x13e c:/winavr-20100110/bin/../lib/gcc/avr/4.3.3/avr5\libgcc.a(_pack_sf.o)
 .debug_loc     0x000006d2       0xac c:/winavr-20100110/bin/../lib/gcc/avr/4.3.3/avr5\libgcc.a(_unpack_sf.o)
 .debug_loc     0x0000077e       0x50 c:/winavr-20100110/bin/../lib/gcc/avr/4.3.3/avr5\libgcc.a(_fpcmp_parts_sf.o)

.debug_macinfo
 *(.debug_macinfo)
OUTPUT(Avr32_RTOS_PlayGround.elf elf32-avr)
LOAD linker stubs

.debug_ranges   0x00000000       0x50
 .debug_ranges  0x00000000       0x50 c:/winavr-20100110/bin/../lib/gcc/avr/4.3.3/avr5\libgcc.a(_mul_sf.o)
